[nimrod][1340873534115][alert][test][0]
[nimrod][1340873534116][counter][test][0]
[nimrod][1340873534118][gauge][test][0]
[nimrod][1340873534119][timer][test][start]
[nimrod][1340873534119][timer][test2][start][test:timer]
[nimrod][1340873534119][timer][test3][start][test:timer,timer:test2]
[nimrod][1340873534119][timer][test][stop]
[nimrod][1340873534120][timer][test2][stop]
[nimrod][1340873534120][timer][test3][stop]
[nimrod][1340873534121][timer][test2][start]
[nimrod][1340873534212][timer][test2][stop]
